[1/1] Android SDK
  ├─ [1/6] android-arm-profile/darwin-x64                          897ms
  ├─ [2/6] android-arm-release/darwin-x64                          785ms
  ├─ [3/6] android-arm64-profile/darwin-x64                        894ms
  ├─ [4/6] android-arm64-release/darwin-x64                        836ms
  ├─ [5/6] android-x64-profile/darwin-x64                          852ms
  └─ [6/6] android-x64-release/darwin-x64                        1,082ms
Resolving dependencies...
Downloading packages...
  archive 4.0.9 (4.3.0 available)
  cli_util 0.4.2 (0.6.0 available)
  clock 1.1.2 (1.1.3 available)
  code_assets 1.2.1 (2.1.0 available)
  cross_file 0.3.5+4 (0.4.0 available)
  cupertino_icons 1.0.9 (2.0.0 available)
  file_selector_android 0.5.2+9 (0.5.2+11 available)
  file_selector_ios 0.5.3+5 (0.5.3+6 available)
  file_selector_linux 0.9.4 (0.9.4+1 available)
  file_selector_macos 0.9.5 (0.9.5+1 available)
  file_selector_windows 0.9.3+5 (0.9.3+6 available)
  flutter_secure_storage_darwin 0.4.0 (0.4.3 available)
  flutter_secure_storage_linux 3.0.1 (3.0.3 available)
  hooks 2.0.2 (2.2.0 available)
  html 0.15.6 (0.15.7 available)
  image 4.9.1 (4.10.1 available)
  jni 1.0.0 (1.1.0 available)
  jni_flutter 1.0.1 (1.0.3 available)
  local_auth_android 2.0.9 (2.2.0 available)
  local_auth_darwin 2.0.3 (2.0.4 available)
  local_auth_windows 2.0.1 (2.0.2 available)
  matcher 0.12.19 (0.12.20 available)
  material_color_utilities 0.13.0 (0.13.1 available)
  meta 1.18.0 (1.19.0 available)
  mime 2.0.0 (2.1.0 available)
  objective_c 9.4.1 (9.6.2 available)
  package_config 2.2.0 (3.0.0 available)
  path_provider_linux 2.2.1 (2.2.2 available)
  petitparser 7.0.2 (7.1.0 available)
  platform 3.1.6 (3.2.0 available)
  posix 6.5.0 (6.5.2 available)
  process 5.0.5 (5.0.6 available)
  pub_semver 2.2.0 (2.2.1 available)
  record_android 2.1.2 (2.2.0 available)
  record_linux 2.1.0 (2.1.2 available)
  record_use 0.6.0 (1.1.1 available)
  record_web 2.1.1 (2.1.3 available)
  record_windows 2.2.2 (2.3.0 available)
  share_plus 13.3.0 (13.3.1 available)
  stack_trace 1.12.1 (1.12.2 available)
  test_api 0.7.11 (0.7.14 available)
  url_launcher_linux 3.2.2 (3.2.3 available)
  url_launcher_windows 3.1.5 (3.1.6 available)
  uuid 4.5.3 (4.6.0 available)
  vector_math 2.2.0 (2.4.3 available)
  vm_service 15.2.0 (15.3.0 available)
  webdriver 3.1.0 (3.2.0 available)
  win32 6.3.0 (6.4.0 available)
  xml 7.0.1 (7.1.0 available)
  yaml 3.1.3 (3.1.4 available)
Got dependencies!
50 packages have newer versions incompatible with dependency constraints.
Try `flutter pub outdated` for more information.
Running Gradle task 'assembleRelease'...                        
Skipping assets entry "packages/record_web/assets/js/record.worklet.js" since its configured platform(s) did not match the target platform.
Configured platforms: web
Target platform: android

Font asset "MaterialIcons-Regular.otf" was tree-shaken, reducing it from 1645184 to 7100 bytes (99.6% reduction). Tree-shaking can be disabled by providing the --no-tree-shake-icons flag when building your app.
Running Gradle task 'assembleRelease'...                           86.8s
✓ Built build/app/outputs/flutter-apk/app-armeabi-v7a-release.apk (56.9MB)
